// Jest Snapshot v1, https://goo.gl/fbAQLP

exports[`Button renders matching snapshot 1`] = `
<ContextConsumer>
  <Component />
</ContextConsumer>
`;
